
> lawyer-template@0.1.0 build
> next build

▲ Next.js 16.2.1 (Turbopack)

  Creating an optimized production build ...

> Build error occurred
Error: Turbopack build failed with 1 errors:
./src/app/admin/layout.tsx:2:1
Module not found: Can't resolve '../../../../config/client.config'
  [90m1 |[0m [36mimport[0m [33mLink[0m [36mfrom[0m [32m"next/link"[0m;
[31m[1m>[0m [90m2 |[0m [36mimport[0m { clientConfig } [36mfrom[0m [32m"../../../../config/client.config"[0m;
  [90m  |[0m [31m[1m^^^^^^^^^^^^^^^^^^^^^^^^^^^^^^^^^^^^^^^^^^^^^^^^^^^^^^^^^^^^^^^^[0m
  [90m3 |[0m
  [90m4 |[0m [36mexport[0m [36mconst[0m metadata = {
  [90m5 |[0m   title: [32m"لوحة التحكم | "[0m + clientConfig.officeName,



https://nextjs.org/docs/messages/module-not-found


    at <unknown> (./src/app/admin/layout.tsx:2:1)
    at <unknown> (https://nextjs.org/docs/messages/module-not-found)
